Archive member included because of file (symbol)

c:/program files/atmel/avr tools/avr toolchain/bin/../lib/gcc/avr/4.5.1/avr4\libgcc.a(_exit.o)
                              c:/program files/atmel/avr tools/avr toolchain/bin/../lib/gcc/avr/4.5.1/../../../../avr/lib/avr4/crtm8.o (exit)
c:/program files/atmel/avr tools/avr toolchain/bin/../lib/gcc/avr/4.5.1/avr4\libgcc.a(_copy_data.o)
                              Multi_Function_Shield_Lib.o (__do_copy_data)
c:/program files/atmel/avr tools/avr toolchain/bin/../lib/gcc/avr/4.5.1/avr4\libgcc.a(_clear_bss.o)
                              Multi_Function_Shield_Lib.o (__do_clear_bss)
c:/program files/atmel/avr tools/avr toolchain/bin/../lib/gcc/avr/4.5.1/../../../../avr/lib/avr4\libc.a(eerd_byte_atmega8.o)
                              Main.o (__eerd_byte_m8)
c:/program files/atmel/avr tools/avr toolchain/bin/../lib/gcc/avr/4.5.1/../../../../avr/lib/avr4\libc.a(eeupd_byte_atmega8.o)
                              Multi_Function_Shield_Lib.o (__eeupd_byte_m8)

Memory Configuration

Name             Origin             Length             Attributes
text             0x00000000         0x00002000         xr
data             0x00800060         0x0000ffa0         rw !x
eeprom           0x00810000         0x00010000         rw !x
fuse             0x00820000         0x00000400         rw !x
lock             0x00830000         0x00000400         rw !x
signature        0x00840000         0x00000400         rw !x
*default*        0x00000000         0xffffffff

Linker script and memory map

LOAD c:/program files/atmel/avr tools/avr toolchain/bin/../lib/gcc/avr/4.5.1/../../../../avr/lib/avr4/crtm8.o
LOAD Multi_Function_Shield_Lib.o
LOAD Main.o
LOAD c:/program files/atmel/avr tools/avr toolchain/bin/../lib/gcc/avr/4.5.1/avr4\libgcc.a
LOAD c:/program files/atmel/avr tools/avr toolchain/bin/../lib/gcc/avr/4.5.1/../../../../avr/lib/avr4\libc.a
LOAD c:/program files/atmel/avr tools/avr toolchain/bin/../lib/gcc/avr/4.5.1/avr4\libgcc.a

.hash
 *(.hash)

.dynsym
 *(.dynsym)

.dynstr
 *(.dynstr)

.gnu.version
 *(.gnu.version)

.gnu.version_d
 *(.gnu.version_d)

.gnu.version_r
 *(.gnu.version_r)

.rel.init
 *(.rel.init)

.rela.init
 *(.rela.init)

.rel.text
 *(.rel.text)
 *(.rel.text.*)
 *(.rel.gnu.linkonce.t*)

.rela.text
 *(.rela.text)
 *(.rela.text.*)
 *(.rela.gnu.linkonce.t*)

.rel.fini
 *(.rel.fini)

.rela.fini
 *(.rela.fini)

.rel.rodata
 *(.rel.rodata)
 *(.rel.rodata.*)
 *(.rel.gnu.linkonce.r*)

.rela.rodata
 *(.rela.rodata)
 *(.rela.rodata.*)
 *(.rela.gnu.linkonce.r*)

.rel.data
 *(.rel.data)
 *(.rel.data.*)
 *(.rel.gnu.linkonce.d*)

.rela.data
 *(.rela.data)
 *(.rela.data.*)
 *(.rela.gnu.linkonce.d*)

.rel.ctors
 *(.rel.ctors)

.rela.ctors
 *(.rela.ctors)

.rel.dtors
 *(.rel.dtors)

.rela.dtors
 *(.rela.dtors)

.rel.got
 *(.rel.got)

.rela.got
 *(.rela.got)

.rel.bss
 *(.rel.bss)

.rela.bss
 *(.rela.bss)

.rel.plt
 *(.rel.plt)

.rela.plt
 *(.rela.plt)

.text           0x00000000      0x61e
 *(.vectors)
 .vectors       0x00000000       0x26 c:/program files/atmel/avr tools/avr toolchain/bin/../lib/gcc/avr/4.5.1/../../../../avr/lib/avr4/crtm8.o
                0x00000000                __vector_default
                0x00000000                __vectors
 *(.vectors)
 *(.progmem.gcc*)
 *(.progmem*)
                0x00000026                . = ALIGN (0x2)
                0x00000026                __trampolines_start = .
 *(.trampolines)
 .trampolines   0x00000026        0x0 linker stubs
 *(.trampolines*)
                0x00000026                __trampolines_end = .
 *(.jumptables)
 *(.jumptables*)
 *(.lowtext)
 *(.lowtext*)
                0x00000026                __ctors_start = .
 *(.ctors)
                0x00000026                __ctors_end = .
                0x00000026                __dtors_start = .
 *(.dtors)
                0x00000026                __dtors_end = .
 SORT(*)(.ctors)
 SORT(*)(.dtors)
 *(.init0)
 .init0         0x00000026        0x0 c:/program files/atmel/avr tools/avr toolchain/bin/../lib/gcc/avr/4.5.1/../../../../avr/lib/avr4/crtm8.o
                0x00000026                __init
 *(.init0)
 *(.init1)
 *(.init1)
 *(.init2)
 .init2         0x00000026        0xc c:/program files/atmel/avr tools/avr toolchain/bin/../lib/gcc/avr/4.5.1/../../../../avr/lib/avr4/crtm8.o
 *(.init2)
 *(.init3)
 *(.init3)
 *(.init4)
 .init4         0x00000032       0x16 c:/program files/atmel/avr tools/avr toolchain/bin/../lib/gcc/avr/4.5.1/avr4\libgcc.a(_copy_data.o)
                0x00000032                __do_copy_data
 .init4         0x00000048       0x10 c:/program files/atmel/avr tools/avr toolchain/bin/../lib/gcc/avr/4.5.1/avr4\libgcc.a(_clear_bss.o)
                0x00000048                __do_clear_bss
 *(.init4)
 *(.init5)
 *(.init5)
 *(.init6)
 *(.init6)
 *(.init7)
 *(.init7)
 *(.init8)
 *(.init8)
 *(.init9)
 .init9         0x00000058        0x4 c:/program files/atmel/avr tools/avr toolchain/bin/../lib/gcc/avr/4.5.1/../../../../avr/lib/avr4/crtm8.o
 *(.init9)
 *(.text)
 .text          0x0000005c        0x2 c:/program files/atmel/avr tools/avr toolchain/bin/../lib/gcc/avr/4.5.1/../../../../avr/lib/avr4/crtm8.o
                0x0000005c                __vector_1
                0x0000005c                __vector_12
                0x0000005c                __bad_interrupt
                0x0000005c                __vector_3
                0x0000005c                __vector_11
                0x0000005c                __vector_13
                0x0000005c                __vector_17
                0x0000005c                __vector_7
                0x0000005c                __vector_5
                0x0000005c                __vector_4
                0x0000005c                __vector_9
                0x0000005c                __vector_2
                0x0000005c                __vector_15
                0x0000005c                __vector_8
                0x0000005c                __vector_10
                0x0000005c                __vector_16
                0x0000005c                __vector_18
 .text          0x0000005e      0x48c Multi_Function_Shield_Lib.o
                0x0000005e                Init
                0x000000a0                Write_74HC595
                0x000000c6                Shield_set_display_value
                0x0000012c                Switch_Mode
                0x00000172                Shield_display_digit
                0x000001a0                Shield_display_value
                0x000001ce                Shield_display_Err
                0x000001e8                __vector_14
                0x00000206                Get_RC5_code
                0x0000025a                Buzer_Beep
                0x00000262                Key_Press
                0x000002aa                __vector_6
                0x000003be                Send_Byte
                0x000003c6                Reset_1_wire
                0x00000426                Send_1_wire_byte
                0x0000047c                One_wire_receive_byte
                0x000004d4                Read_Temperature
 .text          0x000004ea       0xfe Main.o
                0x000004ea                main
 .text          0x000005e8        0x0 c:/program files/atmel/avr tools/avr toolchain/bin/../lib/gcc/avr/4.5.1/avr4\libgcc.a(_exit.o)
 .text          0x000005e8        0x0 c:/program files/atmel/avr tools/avr toolchain/bin/../lib/gcc/avr/4.5.1/avr4\libgcc.a(_copy_data.o)
 .text          0x000005e8        0x0 c:/program files/atmel/avr tools/avr toolchain/bin/../lib/gcc/avr/4.5.1/avr4\libgcc.a(_clear_bss.o)
 .text          0x000005e8        0x0 c:/program files/atmel/avr tools/avr toolchain/bin/../lib/gcc/avr/4.5.1/../../../../avr/lib/avr4\libc.a(eerd_byte_atmega8.o)
 .text          0x000005e8        0x0 c:/program files/atmel/avr tools/avr toolchain/bin/../lib/gcc/avr/4.5.1/../../../../avr/lib/avr4\libc.a(eeupd_byte_atmega8.o)
                0x000005e8                . = ALIGN (0x2)
 *(.text.*)
 .text.libgcc   0x000005e8        0x0 c:/program files/atmel/avr tools/avr toolchain/bin/../lib/gcc/avr/4.5.1/avr4\libgcc.a(_exit.o)
 .text.libgcc   0x000005e8        0x0 c:/program files/atmel/avr tools/avr toolchain/bin/../lib/gcc/avr/4.5.1/avr4\libgcc.a(_copy_data.o)
 .text.libgcc   0x000005e8        0x0 c:/program files/atmel/avr tools/avr toolchain/bin/../lib/gcc/avr/4.5.1/avr4\libgcc.a(_clear_bss.o)
 .text.avr-libc
                0x000005e8       0x10 c:/program files/atmel/avr tools/avr toolchain/bin/../lib/gcc/avr/4.5.1/../../../../avr/lib/avr4\libc.a(eerd_byte_atmega8.o)
                0x000005e8                __eerd_byte_m8
 .text.avr-libc
                0x000005f8       0x22 c:/program files/atmel/avr tools/avr toolchain/bin/../lib/gcc/avr/4.5.1/../../../../avr/lib/avr4\libc.a(eeupd_byte_atmega8.o)
                0x000005f8                __eeupd_byte_m8
                0x000005fa                __eeupd_r18_m8
                0x0000061a                . = ALIGN (0x2)
 *(.fini9)
 .fini9         0x0000061a        0x0 c:/program files/atmel/avr tools/avr toolchain/bin/../lib/gcc/avr/4.5.1/avr4\libgcc.a(_exit.o)
                0x0000061a                _exit
                0x0000061a                exit
 *(.fini9)
 *(.fini8)
 *(.fini8)
 *(.fini7)
 *(.fini7)
 *(.fini6)
 *(.fini6)
 *(.fini5)
 *(.fini5)
 *(.fini4)
 *(.fini4)
 *(.fini3)
 *(.fini3)
 *(.fini2)
 *(.fini2)
 *(.fini1)
 *(.fini1)
 *(.fini0)
 .fini0         0x0000061a        0x4 c:/program files/atmel/avr tools/avr toolchain/bin/../lib/gcc/avr/4.5.1/avr4\libgcc.a(_exit.o)
 *(.fini0)
                0x0000061e                _etext = .

.data           0x00800060       0x1a load address 0x0000061e
                0x00800060                PROVIDE (__data_start, .)
 *(.data)
 .data          0x00800060        0x0 c:/program files/atmel/avr tools/avr toolchain/bin/../lib/gcc/avr/4.5.1/../../../../avr/lib/avr4/crtm8.o
 .data          0x00800060       0x1a Multi_Function_Shield_Lib.o
                0x00800060                mode
                0x00800061                temperature_delay
                0x00800063                led_delay
                0x00800065                ind_delay
 .data          0x0080007a        0x0 Main.o
 .data          0x0080007a        0x0 c:/program files/atmel/avr tools/avr toolchain/bin/../lib/gcc/avr/4.5.1/avr4\libgcc.a(_exit.o)
 .data          0x0080007a        0x0 c:/program files/atmel/avr tools/avr toolchain/bin/../lib/gcc/avr/4.5.1/avr4\libgcc.a(_copy_data.o)
 .data          0x0080007a        0x0 c:/program files/atmel/avr tools/avr toolchain/bin/../lib/gcc/avr/4.5.1/avr4\libgcc.a(_clear_bss.o)
 .data          0x0080007a        0x0 c:/program files/atmel/avr tools/avr toolchain/bin/../lib/gcc/avr/4.5.1/../../../../avr/lib/avr4\libc.a(eerd_byte_atmega8.o)
 .data          0x0080007a        0x0 c:/program files/atmel/avr tools/avr toolchain/bin/../lib/gcc/avr/4.5.1/../../../../avr/lib/avr4\libc.a(eeupd_byte_atmega8.o)
 *(.data*)
 *(.rodata)
 *(.rodata*)
 *(.gnu.linkonce.d*)
                0x0080007a                . = ALIGN (0x2)
                0x0080007a                _edata = .
                0x0080007a                PROVIDE (__data_end, .)

.bss            0x0080007a        0xa
                0x0080007a                PROVIDE (__bss_start, .)
 *(.bss)
 .bss           0x0080007a        0x0 c:/program files/atmel/avr tools/avr toolchain/bin/../lib/gcc/avr/4.5.1/../../../../avr/lib/avr4/crtm8.o
 .bss           0x0080007a        0xa Multi_Function_Shield_Lib.o
                0x0080007a                digit_counter
                0x0080007b                adc_result
                0x0080007c                buzzer_delay
                0x0080007d                adc_delay
                0x0080007e                rc5_delay
                0x0080007f                key_delay
                0x00800080                value2digits
 .bss           0x00800084        0x0 Main.o
 .bss           0x00800084        0x0 c:/program files/atmel/avr tools/avr toolchain/bin/../lib/gcc/avr/4.5.1/avr4\libgcc.a(_exit.o)
 .bss           0x00800084        0x0 c:/program files/atmel/avr tools/avr toolchain/bin/../lib/gcc/avr/4.5.1/avr4\libgcc.a(_copy_data.o)
 .bss           0x00800084        0x0 c:/program files/atmel/avr tools/avr toolchain/bin/../lib/gcc/avr/4.5.1/avr4\libgcc.a(_clear_bss.o)
 .bss           0x00800084        0x0 c:/program files/atmel/avr tools/avr toolchain/bin/../lib/gcc/avr/4.5.1/../../../../avr/lib/avr4\libc.a(eerd_byte_atmega8.o)
 .bss           0x00800084        0x0 c:/program files/atmel/avr tools/avr toolchain/bin/../lib/gcc/avr/4.5.1/../../../../avr/lib/avr4\libc.a(eeupd_byte_atmega8.o)
 *(.bss*)
 *(COMMON)
                0x00800084                PROVIDE (__bss_end, .)
                0x0000061e                __data_load_start = LOADADDR (.data)
                0x00000638                __data_load_end = (__data_load_start + SIZEOF (.data))

.noinit         0x00800084        0x0
                0x00800084                PROVIDE (__noinit_start, .)
 *(.noinit*)
                0x00800084                PROVIDE (__noinit_end, .)
                0x00800084                _end = .
                0x00800084                PROVIDE (__heap_start, .)

.eeprom         0x00810000        0x1
 *(.eeprom*)
 .eeprom        0x00810000        0x1 Multi_Function_Shield_Lib.o
                0x00810000                eeprom_mode
                0x00810001                __eeprom_end = .

.fuse
 *(.fuse)
 *(.lfuse)
 *(.hfuse)
 *(.efuse)

.lock
 *(.lock*)

.signature
 *(.signature*)

.stab           0x00000000      0x864
 *(.stab)
 .stab          0x00000000      0x6cc c:/program files/atmel/avr tools/avr toolchain/bin/../lib/gcc/avr/4.5.1/../../../../avr/lib/avr4/crtm8.o
 .stab          0x000006cc       0x90 c:/program files/atmel/avr tools/avr toolchain/bin/../lib/gcc/avr/4.5.1/../../../../avr/lib/avr4\libc.a(eerd_byte_atmega8.o)
                                 0x9c (size before relaxing)
 .stab          0x0000075c      0x108 c:/program files/atmel/avr tools/avr toolchain/bin/../lib/gcc/avr/4.5.1/../../../../avr/lib/avr4\libc.a(eeupd_byte_atmega8.o)
                                0x114 (size before relaxing)

.stabstr        0x00000000      0x14c
 *(.stabstr)
 .stabstr       0x00000000      0x14c c:/program files/atmel/avr tools/avr toolchain/bin/../lib/gcc/avr/4.5.1/../../../../avr/lib/avr4/crtm8.o

.stab.excl
 *(.stab.excl)

.stab.exclstr
 *(.stab.exclstr)

.stab.index
 *(.stab.index)

.stab.indexstr
 *(.stab.indexstr)

.comment
 *(.comment)

.debug
 *(.debug)

.line
 *(.line)

.debug_srcinfo
 *(.debug_srcinfo)

.debug_sfnames
 *(.debug_sfnames)

.debug_aranges  0x00000000       0x40
 *(.debug_aranges)
 .debug_aranges
                0x00000000       0x20 Multi_Function_Shield_Lib.o
 .debug_aranges
                0x00000020       0x20 Main.o

.debug_pubnames
                0x00000000      0x226
 *(.debug_pubnames)
 .debug_pubnames
                0x00000000      0x20b Multi_Function_Shield_Lib.o
 .debug_pubnames
                0x0000020b       0x1b Main.o

.debug_info     0x00000000      0xb48
 *(.debug_info)
 .debug_info    0x00000000      0x9c3 Multi_Function_Shield_Lib.o
 .debug_info    0x000009c3      0x185 Main.o
 *(.gnu.linkonce.wi.*)

.debug_abbrev   0x00000000      0x2af
 *(.debug_abbrev)
 .debug_abbrev  0x00000000      0x217 Multi_Function_Shield_Lib.o
 .debug_abbrev  0x00000217       0x98 Main.o

.debug_line     0x00000000      0xa51
 *(.debug_line)
 .debug_line    0x00000000      0x80c Multi_Function_Shield_Lib.o
 .debug_line    0x0000080c      0x245 Main.o

.debug_frame    0x00000000      0x140
 *(.debug_frame)
 .debug_frame   0x00000000      0x120 Multi_Function_Shield_Lib.o
 .debug_frame   0x00000120       0x20 Main.o

.debug_str      0x00000000      0x30a
 *(.debug_str)
 .debug_str     0x00000000      0x2d6 Multi_Function_Shield_Lib.o
                                0x325 (size before relaxing)
 .debug_str     0x000002d6       0x34 Main.o
                                0x147 (size before relaxing)

.debug_loc      0x00000000      0x5d6
 *(.debug_loc)
 .debug_loc     0x00000000      0x4e6 Multi_Function_Shield_Lib.o
 .debug_loc     0x000004e6       0xf0 Main.o

.debug_macinfo
 *(.debug_macinfo)
OUTPUT(Multi_Function_Shield_Lib.elf elf32-avr)
LOAD linker stubs

.debug_pubtypes
                0x00000000       0x63
 .debug_pubtypes
                0x00000000       0x38 Multi_Function_Shield_Lib.o
 .debug_pubtypes
                0x00000038       0x2b Main.o

.debug_ranges   0x00000000       0x18
 .debug_ranges  0x00000000       0x18 Main.o
