Archive member included because of file (symbol)

c:/program files/atmel/avr tools/avr toolchain/bin/../lib/gcc/avr/4.5.1/avr4\libgcc.a(_exit.o)
                              c:/program files/atmel/avr tools/avr toolchain/bin/../lib/gcc/avr/4.5.1/../../../../avr/lib/avr4/crtm8.o (exit)
c:/program files/atmel/avr tools/avr toolchain/bin/../lib/gcc/avr/4.5.1/avr4\libgcc.a(_copy_data.o)
                              AVR_caller.o (__do_copy_data)
c:/program files/atmel/avr tools/avr toolchain/bin/../lib/gcc/avr/4.5.1/avr4\libgcc.a(_clear_bss.o)
                              AVR_caller.o (__do_clear_bss)
c:/program files/atmel/avr tools/avr toolchain/bin/../lib/gcc/avr/4.5.1/../../../../avr/lib/avr4\libc.a(eerd_block_atmega8.o)
                              AVR_caller.o (__eerd_block_m8)
c:/program files/atmel/avr tools/avr toolchain/bin/../lib/gcc/avr/4.5.1/../../../../avr/lib/avr4\libc.a(eerd_byte_atmega8.o)
                              AVR_caller.o (__eerd_byte_m8)
c:/program files/atmel/avr tools/avr toolchain/bin/../lib/gcc/avr/4.5.1/../../../../avr/lib/avr4\libc.a(eeupd_block_atmega8.o)
                              AVR_caller.o (__eeupd_block_m8)
c:/program files/atmel/avr tools/avr toolchain/bin/../lib/gcc/avr/4.5.1/../../../../avr/lib/avr4\libc.a(eeupd_byte_atmega8.o)
                              AVR_caller.o (__eeupd_byte_m8)

Allocating common symbols
Common symbol       size              file

parsing_pointer     0x2               AVR_caller.o
buffer              0xe               AVR_caller.o

Memory Configuration

Name             Origin             Length             Attributes
text             0x00000000         0x00002000         xr
data             0x00800060         0x0000ffa0         rw !x
eeprom           0x00810000         0x00010000         rw !x
fuse             0x00820000         0x00000400         rw !x
lock             0x00830000         0x00000400         rw !x
signature        0x00840000         0x00000400         rw !x
*default*        0x00000000         0xffffffff

Linker script and memory map

LOAD c:/program files/atmel/avr tools/avr toolchain/bin/../lib/gcc/avr/4.5.1/../../../../avr/lib/avr4/crtm8.o
LOAD AVR_caller.o
LOAD c:/program files/atmel/avr tools/avr toolchain/bin/../lib/gcc/avr/4.5.1/avr4\libgcc.a
LOAD c:/program files/atmel/avr tools/avr toolchain/bin/../lib/gcc/avr/4.5.1/../../../../avr/lib/avr4\libc.a
LOAD c:/program files/atmel/avr tools/avr toolchain/bin/../lib/gcc/avr/4.5.1/avr4\libgcc.a

.hash
 *(.hash)

.dynsym
 *(.dynsym)

.dynstr
 *(.dynstr)

.gnu.version
 *(.gnu.version)

.gnu.version_d
 *(.gnu.version_d)

.gnu.version_r
 *(.gnu.version_r)

.rel.init
 *(.rel.init)

.rela.init
 *(.rela.init)

.rel.text
 *(.rel.text)
 *(.rel.text.*)
 *(.rel.gnu.linkonce.t*)

.rela.text
 *(.rela.text)
 *(.rela.text.*)
 *(.rela.gnu.linkonce.t*)

.rel.fini
 *(.rel.fini)

.rela.fini
 *(.rela.fini)

.rel.rodata
 *(.rel.rodata)
 *(.rel.rodata.*)
 *(.rel.gnu.linkonce.r*)

.rela.rodata
 *(.rela.rodata)
 *(.rela.rodata.*)
 *(.rela.gnu.linkonce.r*)

.rel.data
 *(.rel.data)
 *(.rel.data.*)
 *(.rel.gnu.linkonce.d*)

.rela.data
 *(.rela.data)
 *(.rela.data.*)
 *(.rela.gnu.linkonce.d*)

.rel.ctors
 *(.rel.ctors)

.rela.ctors
 *(.rela.ctors)

.rel.dtors
 *(.rel.dtors)

.rela.dtors
 *(.rela.dtors)

.rel.got
 *(.rel.got)

.rela.got
 *(.rela.got)

.rel.bss
 *(.rel.bss)

.rela.bss
 *(.rela.bss)

.rel.plt
 *(.rel.plt)

.rela.plt
 *(.rela.plt)

.text           0x00000000      0xcb0
 *(.vectors)
 .vectors       0x00000000       0x26 c:/program files/atmel/avr tools/avr toolchain/bin/../lib/gcc/avr/4.5.1/../../../../avr/lib/avr4/crtm8.o
                0x00000000                __vector_default
                0x00000000                __vectors
 *(.vectors)
 *(.progmem.gcc*)
 .progmem.gcc_sw_table
                0x00000026       0x56 AVR_caller.o
 *(.progmem*)
 .progmem.data  0x0000007c      0x118 AVR_caller.o
                0x0000007c                AT
                0x00000080                ATE0
                0x00000086                AT_IPR
                0x00000093                AT_CLCC
                0x0000009e                AT_CMGF
                0x000000a9                AT_CLIP
                0x000000b4                AT_CPAS
                0x000000bd                AT_CREG
                0x000000c7                AT_CCALR
                0x000000d2                ATD
                0x000000d6                RING_END
                0x000000d9                AT_CMGS
                0x000000e3                AT_CMGS_2
                0x000000e6                NO_220
                0x000000f0                RETURN_220
                0x000000fb                ATH
                0x00000100                AT_GSMBUSY_1
                0x0000010e                AT_GSMBUSY_0
                0x0000011c                AT_OK
                0x00000126                ATE0_OK
                0x00000132                _OK
                0x00000139                CPAS_OK
                0x0000014c                CREG_OK
                0x00000161                CCALR_OK
                0x00000175                RING
                0x00000188                POINTER
                0x0000018b                BUSY
                0x00000194                . = ALIGN (0x2)
                0x00000194                __trampolines_start = .
 *(.trampolines)
 .trampolines   0x00000194        0x0 linker stubs
 *(.trampolines*)
                0x00000194                __trampolines_end = .
 *(.jumptables)
 *(.jumptables*)
 *(.lowtext)
 *(.lowtext*)
                0x00000194                __ctors_start = .
 *(.ctors)
                0x00000194                __ctors_end = .
                0x00000194                __dtors_start = .
 *(.dtors)
                0x00000194                __dtors_end = .
 SORT(*)(.ctors)
 SORT(*)(.dtors)
 *(.init0)
 .init0         0x00000194        0x0 c:/program files/atmel/avr tools/avr toolchain/bin/../lib/gcc/avr/4.5.1/../../../../avr/lib/avr4/crtm8.o
                0x00000194                __init
 *(.init0)
 *(.init1)
 *(.init1)
 *(.init2)
 .init2         0x00000194        0xc c:/program files/atmel/avr tools/avr toolchain/bin/../lib/gcc/avr/4.5.1/../../../../avr/lib/avr4/crtm8.o
 *(.init2)
 *(.init3)
 *(.init3)
 *(.init4)
 .init4         0x000001a0       0x16 c:/program files/atmel/avr tools/avr toolchain/bin/../lib/gcc/avr/4.5.1/avr4\libgcc.a(_copy_data.o)
                0x000001a0                __do_copy_data
 .init4         0x000001b6       0x10 c:/program files/atmel/avr tools/avr toolchain/bin/../lib/gcc/avr/4.5.1/avr4\libgcc.a(_clear_bss.o)
                0x000001b6                __do_clear_bss
 *(.init4)
 *(.init5)
 *(.init5)
 *(.init6)
 *(.init6)
 *(.init7)
 *(.init7)
 *(.init8)
 *(.init8)
 *(.init9)
 .init9         0x000001c6        0x4 c:/program files/atmel/avr tools/avr toolchain/bin/../lib/gcc/avr/4.5.1/../../../../avr/lib/avr4/crtm8.o
 *(.init9)
 *(.text)
 .text          0x000001ca        0x2 c:/program files/atmel/avr tools/avr toolchain/bin/../lib/gcc/avr/4.5.1/../../../../avr/lib/avr4/crtm8.o
                0x000001ca                __vector_12
                0x000001ca                __bad_interrupt
                0x000001ca                __vector_3
                0x000001ca                __vector_13
                0x000001ca                __vector_17
                0x000001ca                __vector_7
                0x000001ca                __vector_5
                0x000001ca                __vector_4
                0x000001ca                __vector_9
                0x000001ca                __vector_15
                0x000001ca                __vector_8
                0x000001ca                __vector_14
                0x000001ca                __vector_10
                0x000001ca                __vector_18
 .text          0x000001cc      0xa70 AVR_caller.o
                0x000001cc                __vector_11
                0x00000266                __vector_6
                0x0000035a                __vector_1
                0x0000039a                __vector_2
                0x000003da                __vector_16
                0x0000040a                CheckButton
                0x000004ae                ActivateParsing
                0x000004cc                Wait_RING
                0x00000524                ReadNumbers
                0x00000550                SendByte
                0x00000558                SendStr
                0x0000057e                SendStr_P
                0x0000059e                SaveNumber_2_RAM
                0x00000604                Switch_Programming_mode
                0x00000688                SwitchSIMCOM_mode
                0x00000794                CheckSIMCOM
                0x00000874                Programming
                0x000008da                Ring_on_Number
                0x00000900                Blink_LED_WORK
                0x0000091a                Siren_Outs_OFF
                0x0000093a                Ring
                0x00000a9a                Init
                0x00000af2                main
 .text          0x00000c3c        0x0 c:/program files/atmel/avr tools/avr toolchain/bin/../lib/gcc/avr/4.5.1/avr4\libgcc.a(_exit.o)
 .text          0x00000c3c        0x0 c:/program files/atmel/avr tools/avr toolchain/bin/../lib/gcc/avr/4.5.1/avr4\libgcc.a(_copy_data.o)
 .text          0x00000c3c        0x0 c:/program files/atmel/avr tools/avr toolchain/bin/../lib/gcc/avr/4.5.1/avr4\libgcc.a(_clear_bss.o)
 .text          0x00000c3c        0x0 c:/program files/atmel/avr tools/avr toolchain/bin/../lib/gcc/avr/4.5.1/../../../../avr/lib/avr4\libc.a(eerd_block_atmega8.o)
 .text          0x00000c3c        0x0 c:/program files/atmel/avr tools/avr toolchain/bin/../lib/gcc/avr/4.5.1/../../../../avr/lib/avr4\libc.a(eerd_byte_atmega8.o)
 .text          0x00000c3c        0x0 c:/program files/atmel/avr tools/avr toolchain/bin/../lib/gcc/avr/4.5.1/../../../../avr/lib/avr4\libc.a(eeupd_block_atmega8.o)
 .text          0x00000c3c        0x0 c:/program files/atmel/avr tools/avr toolchain/bin/../lib/gcc/avr/4.5.1/../../../../avr/lib/avr4\libc.a(eeupd_byte_atmega8.o)
                0x00000c3c                . = ALIGN (0x2)
 *(.text.*)
 .text.libgcc   0x00000c3c        0x0 c:/program files/atmel/avr tools/avr toolchain/bin/../lib/gcc/avr/4.5.1/avr4\libgcc.a(_exit.o)
 .text.libgcc   0x00000c3c        0x0 c:/program files/atmel/avr tools/avr toolchain/bin/../lib/gcc/avr/4.5.1/avr4\libgcc.a(_copy_data.o)
 .text.libgcc   0x00000c3c        0x0 c:/program files/atmel/avr tools/avr toolchain/bin/../lib/gcc/avr/4.5.1/avr4\libgcc.a(_clear_bss.o)
 .text.avr-libc
                0x00000c3c       0x20 c:/program files/atmel/avr tools/avr toolchain/bin/../lib/gcc/avr/4.5.1/../../../../avr/lib/avr4\libc.a(eerd_block_atmega8.o)
                0x00000c3c                __eerd_block_m8
                0x00000c40                __eerd_blraw_m8
 .text.avr-libc
                0x00000c5c       0x10 c:/program files/atmel/avr tools/avr toolchain/bin/../lib/gcc/avr/4.5.1/../../../../avr/lib/avr4\libc.a(eerd_byte_atmega8.o)
                0x00000c5c                __eerd_byte_m8
 .text.avr-libc
                0x00000c6c       0x1e c:/program files/atmel/avr tools/avr toolchain/bin/../lib/gcc/avr/4.5.1/../../../../avr/lib/avr4\libc.a(eeupd_block_atmega8.o)
                0x00000c6c                __eeupd_block_m8
 .text.avr-libc
                0x00000c8a       0x22 c:/program files/atmel/avr tools/avr toolchain/bin/../lib/gcc/avr/4.5.1/../../../../avr/lib/avr4\libc.a(eeupd_byte_atmega8.o)
                0x00000c8a                __eeupd_byte_m8
                0x00000c8c                __eeupd_r18_m8
                0x00000cac                . = ALIGN (0x2)
 *(.fini9)
 .fini9         0x00000cac        0x0 c:/program files/atmel/avr tools/avr toolchain/bin/../lib/gcc/avr/4.5.1/avr4\libgcc.a(_exit.o)
                0x00000cac                _exit
                0x00000cac                exit
 *(.fini9)
 *(.fini8)
 *(.fini8)
 *(.fini7)
 *(.fini7)
 *(.fini6)
 *(.fini6)
 *(.fini5)
 *(.fini5)
 *(.fini4)
 *(.fini4)
 *(.fini3)
 *(.fini3)
 *(.fini2)
 *(.fini2)
 *(.fini1)
 *(.fini1)
 *(.fini0)
 .fini0         0x00000cac        0x4 c:/program files/atmel/avr tools/avr toolchain/bin/../lib/gcc/avr/4.5.1/avr4\libgcc.a(_exit.o)
 *(.fini0)
                0x00000cb0                _etext = .

.data           0x00800060        0x4 load address 0x00000cb0
                0x00800060                PROVIDE (__data_start, .)
 *(.data)
 .data          0x00800060        0x0 c:/program files/atmel/avr tools/avr toolchain/bin/../lib/gcc/avr/4.5.1/../../../../avr/lib/avr4/crtm8.o
 .data          0x00800060        0x3 AVR_caller.o
                0x00800060                parsing_result
 .data          0x00800063        0x0 c:/program files/atmel/avr tools/avr toolchain/bin/../lib/gcc/avr/4.5.1/avr4\libgcc.a(_exit.o)
 .data          0x00800063        0x0 c:/program files/atmel/avr tools/avr toolchain/bin/../lib/gcc/avr/4.5.1/avr4\libgcc.a(_copy_data.o)
 .data          0x00800063        0x0 c:/program files/atmel/avr tools/avr toolchain/bin/../lib/gcc/avr/4.5.1/avr4\libgcc.a(_clear_bss.o)
 .data          0x00800063        0x0 c:/program files/atmel/avr tools/avr toolchain/bin/../lib/gcc/avr/4.5.1/../../../../avr/lib/avr4\libc.a(eerd_block_atmega8.o)
 .data          0x00800063        0x0 c:/program files/atmel/avr tools/avr toolchain/bin/../lib/gcc/avr/4.5.1/../../../../avr/lib/avr4\libc.a(eerd_byte_atmega8.o)
 .data          0x00800063        0x0 c:/program files/atmel/avr tools/avr toolchain/bin/../lib/gcc/avr/4.5.1/../../../../avr/lib/avr4\libc.a(eeupd_block_atmega8.o)
 .data          0x00800063        0x0 c:/program files/atmel/avr tools/avr toolchain/bin/../lib/gcc/avr/4.5.1/../../../../avr/lib/avr4\libc.a(eeupd_byte_atmega8.o)
 *(.data*)
 *(.rodata)
 *(.rodata*)
 *(.gnu.linkonce.d*)
                0x00800064                . = ALIGN (0x2)
 *fill*         0x00800063        0x1 00
                0x00800064                _edata = .
                0x00800064                PROVIDE (__data_end, .)

.bss            0x00800064       0x4e
                0x00800064                PROVIDE (__bss_start, .)
 *(.bss)
 .bss           0x00800064        0x0 c:/program files/atmel/avr tools/avr toolchain/bin/../lib/gcc/avr/4.5.1/../../../../avr/lib/avr4/crtm8.o
 .bss           0x00800064       0x3e AVR_caller.o
                0x00800064                buffer_index
                0x00800065                debounce_delay
                0x00800067                parsing_delay
                0x00800069                exit_delay
                0x0080006b                led_delay
                0x0080006d                siren_delay
                0x0080006f                out_delay
                0x00800071                ppk_mode
                0x00800072                flags
 .bss           0x008000a2        0x0 c:/program files/atmel/avr tools/avr toolchain/bin/../lib/gcc/avr/4.5.1/avr4\libgcc.a(_exit.o)
 .bss           0x008000a2        0x0 c:/program files/atmel/avr tools/avr toolchain/bin/../lib/gcc/avr/4.5.1/avr4\libgcc.a(_copy_data.o)
 .bss           0x008000a2        0x0 c:/program files/atmel/avr tools/avr toolchain/bin/../lib/gcc/avr/4.5.1/avr4\libgcc.a(_clear_bss.o)
 .bss           0x008000a2        0x0 c:/program files/atmel/avr tools/avr toolchain/bin/../lib/gcc/avr/4.5.1/../../../../avr/lib/avr4\libc.a(eerd_block_atmega8.o)
 .bss           0x008000a2        0x0 c:/program files/atmel/avr tools/avr toolchain/bin/../lib/gcc/avr/4.5.1/../../../../avr/lib/avr4\libc.a(eerd_byte_atmega8.o)
 .bss           0x008000a2        0x0 c:/program files/atmel/avr tools/avr toolchain/bin/../lib/gcc/avr/4.5.1/../../../../avr/lib/avr4\libc.a(eeupd_block_atmega8.o)
 .bss           0x008000a2        0x0 c:/program files/atmel/avr tools/avr toolchain/bin/../lib/gcc/avr/4.5.1/../../../../avr/lib/avr4\libc.a(eeupd_byte_atmega8.o)
 *(.bss*)
 *(COMMON)
 COMMON         0x008000a2       0x10 AVR_caller.o
                0x008000a2                parsing_pointer
                0x008000a4                buffer
                0x008000b2                PROVIDE (__bss_end, .)
                0x00000cb0                __data_load_start = LOADADDR (.data)
                0x00000cb4                __data_load_end = (__data_load_start + SIZEOF (.data))

.noinit         0x008000b2        0x0
                0x008000b2                PROVIDE (__noinit_start, .)
 *(.noinit*)
                0x008000b2                PROVIDE (__noinit_end, .)
                0x008000b2                _end = .
                0x008000b2                PROVIDE (__heap_start, .)

.eeprom         0x00810000       0x2b
 *(.eeprom*)
 .eeprom        0x00810000       0x2b AVR_caller.o
                0x00810000                ppk_mode_save
                0x00810001                ee_number1
                0x0081000f                ee_number2
                0x0081001d                ee_number3
                0x0081002b                __eeprom_end = .

.fuse
 *(.fuse)
 *(.lfuse)
 *(.hfuse)
 *(.efuse)

.lock
 *(.lock*)

.signature
 *(.signature*)

.stab           0x00000000      0xa50
 *(.stab)
 .stab          0x00000000      0x6cc c:/program files/atmel/avr tools/avr toolchain/bin/../lib/gcc/avr/4.5.1/../../../../avr/lib/avr4/crtm8.o
 .stab          0x000006cc      0x108 c:/program files/atmel/avr tools/avr toolchain/bin/../lib/gcc/avr/4.5.1/../../../../avr/lib/avr4\libc.a(eerd_block_atmega8.o)
                                0x114 (size before relaxing)
 .stab          0x000007d4       0x90 c:/program files/atmel/avr tools/avr toolchain/bin/../lib/gcc/avr/4.5.1/../../../../avr/lib/avr4\libc.a(eerd_byte_atmega8.o)
                                 0x9c (size before relaxing)
 .stab          0x00000864       0xe4 c:/program files/atmel/avr tools/avr toolchain/bin/../lib/gcc/avr/4.5.1/../../../../avr/lib/avr4\libc.a(eeupd_block_atmega8.o)
                                 0xf0 (size before relaxing)
 .stab          0x00000948      0x108 c:/program files/atmel/avr tools/avr toolchain/bin/../lib/gcc/avr/4.5.1/../../../../avr/lib/avr4\libc.a(eeupd_byte_atmega8.o)
                                0x114 (size before relaxing)

.stabstr        0x00000000      0x26f
 *(.stabstr)
 .stabstr       0x00000000      0x26f c:/program files/atmel/avr tools/avr toolchain/bin/../lib/gcc/avr/4.5.1/../../../../avr/lib/avr4/crtm8.o

.stab.excl
 *(.stab.excl)

.stab.exclstr
 *(.stab.exclstr)

.stab.index
 *(.stab.index)

.stab.indexstr
 *(.stab.indexstr)

.comment
 *(.comment)

.debug
 *(.debug)

.line
 *(.line)

.debug_srcinfo
 *(.debug_srcinfo)

.debug_sfnames
 *(.debug_sfnames)

.debug_aranges  0x00000000       0x20
 *(.debug_aranges)
 .debug_aranges
                0x00000000       0x20 AVR_caller.o

.debug_pubnames
                0x00000000      0x3b4
 *(.debug_pubnames)
 .debug_pubnames
                0x00000000      0x3b4 AVR_caller.o

.debug_info     0x00000000     0x1127
 *(.debug_info)
 .debug_info    0x00000000     0x1127 AVR_caller.o
 *(.gnu.linkonce.wi.*)

.debug_abbrev   0x00000000      0x28c
 *(.debug_abbrev)
 .debug_abbrev  0x00000000      0x28c AVR_caller.o

.debug_line     0x00000000      0xf5b
 *(.debug_line)
 .debug_line    0x00000000      0xf5b AVR_caller.o

.debug_frame    0x00000000      0x180
 *(.debug_frame)
 .debug_frame   0x00000000      0x180 AVR_caller.o

.debug_str      0x00000000      0x45e
 *(.debug_str)
 .debug_str     0x00000000      0x45e AVR_caller.o
                                0x4dd (size before relaxing)

.debug_loc      0x00000000      0x633
 *(.debug_loc)
 .debug_loc     0x00000000      0x633 AVR_caller.o

.debug_macinfo
 *(.debug_macinfo)
OUTPUT(AVR_caller.elf elf32-avr)
LOAD linker stubs

.debug_pubtypes
                0x00000000       0x38
 .debug_pubtypes
                0x00000000       0x38 AVR_caller.o

.debug_ranges   0x00000000       0x30
 .debug_ranges  0x00000000       0x30 AVR_caller.o
